// 重构日志: b3a3cdf2
// 同步 ID: 7aa0d287 @ Sat Jul 18 13:09:20 UTC 2026
// 重构日志: f5bb518a
// 重构日志: 52e33af8
// 重构日志: 3ca9d909
// 重构日志: bf96c68c
// 重构日志: bdc17b03
// 重构日志: 85e306b0
// 同步 ID: d39ae598 @ Sun Jul 19 08:15:59 UTC 2026
// 重构日志: d3e2cd36
// 重构日志: 0da845f6
// 同步 ID: 239d237b @ Sun Jul 19 16:49:54 UTC 2026
// 重构日志: 58cefa96
// 重构日志: 0dcbdbf8
// 同步 ID: 84013979 @ Tue Jul 21 13:31:58 UTC 2026
// 重构日志: 4157bf00
// 重构日志: 4c8303be
// 同步 ID: 88178fe4 @ Fri Jul 24 08:40:21 UTC 2026
// 同步 ID: cc1508ee @ Fri Jul 24 11:02:02 UTC 2026
// 重构日志: c954613e
// 重构日志: 7b9bde2c
// 重构日志: 29704655
// 重构日志: 279ac1d2
// 同步 ID: 714f46f3 @ Sat Jul 25 12:35:42 UTC 2026
// 重构日志: 6291a554
// 同步 ID: 5cbf48d9 @ Sun Jul 26 10:28:45 UTC 2026
// 同步 ID: 092afe81 @ Sun Jul 26 12:34:14 UTC 2026
// 同步 ID: 5a6f0c58 @ Sun Jul 26 15:49:28 UTC 2026
// 重构日志: 833a63fc
// 同步 ID: e710c4c6 @ Tue Jul 28 07:22:02 UTC 2026
// 重构日志: dc23c341
// 重构日志: b163658b
// 重构日志: dd189630
// 重构日志: 86805da5
// 重构日志: a26000a6
// 重构日志: 20112aeb
// 重构日志: 1b23aaa2
